pc_out,instr
00000000000000,UUUUUUUUUUUUUUUUUUUUUUUUUUUUUUUU
