rddata1,rddata2
00000000000000000000000000000000,00000100000000000000000000000000
00000000000000000000000000000000,00000000000000000000000000000000
00000000000000000000000000000000,00000000000000000000000000000000
00000000000000000000010000000000,00000001000000000000000000000000
00000000000000000000000000000000,00000000000000000000000000000000
